[
    {
        "uuid": "fakeUuid",
        "payloads": [
            {
                "type": "custom",
                "content": {
                    "content": "&lt;?php<br \/>\n<br \/>\nreturn [<br \/>\n    'port' =&gt; 12345,<br \/>\n<br \/>\n    'host' =&gt; 'http:\/\/otherhost',<br \/>\n];<br \/>\n",
                    "label": "ray.php"
                },
                "origin": {
                    "file": "\/tests\/RayTest.php",
                    "line_number": "xxx"
                }
            }
        ],
        "meta": []
    }
]
