[
    {
        "uuid": "fakeUuid",
        "payloads": [
            {
                "type": "json",
                "content": {
                    "value": {
                        "message": "message text 2"
                    }
                },
                "origin": {
                    "file": "\/tests\/RayTest.php",
                    "line_number": "xxx"
                }
            }
        ],
        "meta": []
    }
]
